// Jest Snapshot v1, https://goo.gl/fbAQLP

exports[`OpenApiValidator creating schema with invalid parameter location throws 1`] = `"Unrecognized parameter location=invalid"`;

exports[`OpenApiValidator creating throws with Swagger 2.0 document 1`] = `"Unsupported OpenAPI / Swagger version=2.0"`;

exports[`OpenApiValidator getting an operation object fails with invalid arguments 1`] = `"Path=/echo with method=POST not found from OpenAPI document"`;

exports[`OpenApiValidator getting an operation object fails with invalid arguments 2`] = `"Path=/echo with method=ppost not found from OpenAPI document"`;

exports[`OpenApiValidator getting an operation object fails with invalid arguments 3`] = `"Path=/echoo with method=post not found from OpenAPI document"`;

exports[`OpenApiValidator resolveSchema throws with unsupported $ref 1`] = `"Unsupported $ref=#/a/b/C"`;

exports[`OpenApiValidator validate with invalid body 1`] = `[ValidationError: Error while validating request parameters]`;

exports[`OpenApiValidator validate with schema in internal ref fails with invalid body 1`] = `[ValidationError: Error while validating request parameters]`;

exports[`OpenApiValidator validating cookies with parameters schema fails 1`] = `[ValidationError: Error while validating request parameters]`;

exports[`OpenApiValidator validating cookies with parameters schema fails with no cookie parser 1`] = `[ValidationError: Error while validating request parameters]`;

exports[`OpenApiValidator validating headers with parameters schema fails 1`] = `[ValidationError: Error while validating request parameters]`;

exports[`OpenApiValidator validating params with parameters schema fails 1`] = `[ValidationError: Error while validating request parameters]`;

exports[`OpenApiValidator validating query with parameters schema fails 1`] = `[ValidationError: Error while validating request parameters]`;
