// Jest Snapshot v1, https://goo.gl/fbAQLP

exports[`Integration tests with real app requests against /echo are validated correctly 1`] = `
Object {
  "error": Object {
    "data": Array [
      Object {
        "dataPath": ".body",
        "keyword": "required",
        "message": "should have required property 'input'",
        "params": Object {
          "missingProperty": "input",
        },
        "schemaPath": "#/properties/body/required",
      },
    ],
    "message": "Error while validating request: request.body should have required property 'input'",
    "name": "ValidationError",
  },
}
`;
